\BOOKMARK [1][-]{section.1}{\376\377\000P\000u\000r\000p\000o\000s\000e\000\040\000a\000n\000d\000\040\000S\000c\000o\000p\000e}{}% 1
\BOOKMARK [1][-]{section.2}{\376\377\000H\000e\000a\000d\000l\000i\000n\000e\000\040\000B\000e\000n\000c\000h\000m\000a\000r\000k\000\040\000S\000u\000m\000m\000a\000r\000y}{}% 2
\BOOKMARK [1][-]{section.3}{\376\377\000W\000h\000y\000\040\0002\0008\000\040\000S\000c\000o\000r\000e\000d\000\040\000R\000o\000w\000s\000\040\000B\000e\000c\000o\000m\000e\000\040\0002\0006\000\040\000D\000e\000p\000l\000o\000y\000a\000b\000l\000e\000\040\000Q\000u\000e\000s\000t\000i\000o\000n\000s}{}% 3
\BOOKMARK [1][-]{section.4}{\376\377\000F\000i\000g\000u\000r\000e\000s\000\040\000a\000n\000d\000\040\000V\000i\000s\000u\000a\000l\000\040\000D\000i\000a\000g\000n\000o\000s\000t\000i\000c\000s}{}% 4
\BOOKMARK [1][-]{section.5}{\376\377\000E\000n\000d\000-\000t\000o\000-\000E\000n\000d\000\040\000W\000o\000r\000k\000f\000l\000o\000w\000\040\000P\000i\000p\000e\000l\000i\000n\000e}{}% 5
\BOOKMARK [1][-]{section.6}{\376\377\000F\000u\000n\000c\000t\000i\000o\000n\000-\000L\000e\000v\000e\000l\000\040\000P\000i\000p\000e\000l\000i\000n\000e\000\040\000M\000a\000p}{}% 6
\BOOKMARK [1][-]{section.7}{\376\377\000S\000c\000o\000r\000i\000n\000g\000\040\000A\000l\000g\000o\000r\000i\000t\000h\000m\000\040\000A\000n\000a\000t\000o\000m\000y}{}% 7
\BOOKMARK [1][-]{section.8}{\376\377\000O\000p\000t\000i\000m\000i\000z\000a\000t\000i\000o\000n\000\040\000S\000t\000r\000a\000t\000e\000g\000y\000\040\000C\000h\000a\000n\000g\000e}{}% 8
\BOOKMARK [1][-]{section.9}{\376\377\000R\000e\000s\000p\000o\000n\000d\000e\000n\000t\000-\000A\000n\000s\000w\000e\000r\000\040\000R\000e\000f\000i\000n\000e\000m\000e\000n\000t\000\040\000a\000n\000d\000\040\000O\000p\000t\000i\000m\000i\000z\000a\000t\000i\000o\000n}{}% 9
\BOOKMARK [1][-]{section.10}{\376\377\000F\000i\000l\000e\000s\000\040\000a\000n\000d\000\040\000R\000o\000l\000e\000s}{}% 10
\BOOKMARK [1][-]{section.11}{\376\377\000C\000o\000r\000e\000\040\000S\000c\000o\000r\000i\000n\000g\000\040\000L\000o\000g\000i\000c}{}% 11
\BOOKMARK [2][-]{subsection.11.1}{\376\377\000U\000t\000i\000l\000i\000t\000y\000,\000\040\000b\000u\000r\000d\000e\000n\000,\000\040\000a\000n\000d\000\040\000b\000a\000s\000e\000l\000i\000n\000e\000\040\000r\000a\000n\000k}{section.11}% 12
\BOOKMARK [2][-]{subsection.11.2}{\376\377\000B\000i\000n\000a\000r\000y\000\040\000c\000a\000t\000e\000g\000o\000r\000y\000\040\000a\000s\000s\000i\000g\000n\000m\000e\000n\000t}{section.11}% 13
\BOOKMARK [2][-]{subsection.11.3}{\376\377\000A\000u\000g\000m\000e\000n\000t\000e\000d\000\040\000p\000r\000i\000o\000r\000i\000t\000y\000\040\000s\000c\000o\000r\000e}{section.11}% 14
\BOOKMARK [2][-]{subsection.11.4}{\376\377\000W\000h\000y\000\040\000e\000a\000c\000h\000\040\000q\000u\000a\000n\000t\000i\000t\000a\000t\000i\000v\000e\000\040\000f\000i\000e\000l\000d\000\040\000e\000x\000i\000s\000t\000s}{section.11}% 15
\BOOKMARK [1][-]{section.12}{\376\377\000W\000o\000r\000k\000e\000d\000\040\000C\000a\000l\000c\000u\000l\000a\000t\000i\000o\000n\000\040\000E\000x\000a\000m\000p\000l\000e}{}% 16
\BOOKMARK [1][-]{section.13}{\376\377\000T\000h\000r\000e\000s\000h\000o\000l\000d\000\040\000D\000i\000a\000g\000n\000o\000s\000t\000i\000c\000s}{}% 17
\BOOKMARK [1][-]{section.14}{\376\377\000C\000o\000n\000s\000t\000r\000u\000c\000t\000\040\000C\000o\000v\000e\000r\000a\000g\000e\000\040\000a\000n\000d\000\040\000I\000n\000t\000e\000r\000a\000c\000t\000i\000o\000n\000\040\000N\000o\000t\000e\000s}{}% 18
\BOOKMARK [2][-]{subsection.14.1}{\376\377\000S\000e\000l\000e\000c\000t\000e\000d\000\040\000c\000o\000n\000s\000t\000r\000u\000c\000t\000\040\000c\000o\000v\000e\000r\000a\000g\000e}{section.14}% 19
\BOOKMARK [2][-]{subsection.14.2}{\376\377\000D\000e\000m\000o\000g\000r\000a\000p\000h\000i\000c\000\040\000i\000n\000t\000e\000r\000a\000c\000t\000i\000o\000n\000\040\000s\000u\000m\000m\000a\000r\000y}{section.14}% 20
\BOOKMARK [1][-]{section.15}{\376\377\000O\000u\000t\000p\000u\000t\000\040\000S\000c\000h\000e\000m\000a}{}% 21
\BOOKMARK [1][-]{section.16}{\376\377\000R\000e\000f\000r\000e\000s\000h\000\040\000P\000r\000o\000c\000e\000d\000u\000r\000e}{}% 22
\BOOKMARK [1][-]{appendix.A}{\376\377\000F\000u\000n\000c\000t\000i\000o\000n\000\040\000C\000a\000t\000a\000l\000o\000g\000\040\000b\000y\000\040\000P\000i\000p\000e\000l\000i\000n\000e\000\040\000S\000t\000a\000g\000e}{}% 23
\BOOKMARK [2][-]{subsection.A.1}{\376\377\000I\000n\000p\000u\000t\000\040\000n\000o\000r\000m\000a\000l\000i\000z\000a\000t\000i\000o\000n\000\040\000a\000n\000d\000\040\000t\000a\000x\000o\000n\000o\000m\000y\000\040\000p\000r\000e\000p\000a\000r\000a\000t\000i\000o\000n}{appendix.A}% 24
\BOOKMARK [2][-]{subsection.A.2}{\376\377\000B\000a\000s\000e\000l\000i\000n\000e\000\040\000s\000c\000o\000r\000i\000n\000g\000,\000\040\000t\000h\000r\000e\000s\000h\000o\000l\000d\000i\000n\000g\000,\000\040\000a\000n\000d\000\040\000s\000e\000l\000e\000c\000t\000i\000o\000n}{appendix.A}% 25
\BOOKMARK [2][-]{subsection.A.3}{\376\377\000A\000u\000g\000m\000e\000n\000t\000e\000d\000\040\000s\000c\000o\000r\000i\000n\000g\000\040\000a\000n\000d\000\040\000o\000r\000c\000h\000e\000s\000t\000r\000a\000t\000i\000o\000n}{appendix.A}% 26
\BOOKMARK [2][-]{subsection.A.4}{\376\377\000F\000i\000g\000u\000r\000e\000\040\000g\000e\000n\000e\000r\000a\000t\000i\000o\000n\000\040\000a\000n\000d\000\040\000m\000o\000n\000i\000t\000o\000r\000i\000n\000g}{appendix.A}% 27
\BOOKMARK [2][-]{subsection.A.5}{\376\377\000C\000l\000i\000e\000n\000t\000\040\000p\000a\000c\000k\000a\000g\000e\000\040\000a\000s\000s\000e\000m\000b\000l\000y\000\040\000a\000n\000d\000\040\000f\000i\000n\000a\000l\000\040\000d\000e\000l\000i\000v\000e\000r\000y}{appendix.A}% 28
\BOOKMARK [1][-]{appendix.B}{\376\377\000C\000o\000n\000s\000t\000a\000n\000t\000s\000,\000\040\000S\000c\000a\000l\000i\000n\000g\000\040\000R\000a\000n\000g\000e\000s\000,\000\040\000a\000n\000d\000\040\000F\000i\000x\000e\000d\000\040\000W\000e\000i\000g\000h\000t\000s}{}% 29
\BOOKMARK [2][-]{subsection.B.1}{\376\377\000W\000o\000r\000k\000f\000l\000o\000w\000\040\000c\000o\000n\000s\000t\000a\000n\000t\000s\000\040\000i\000n\000\040\000t\000h\000e\000\040\000l\000i\000v\000e\000\040\000i\000m\000p\000l\000e\000m\000e\000n\000t\000a\000t\000i\000o\000n}{appendix.B}% 30
\BOOKMARK [2][-]{subsection.B.2}{\376\377\000L\000i\000v\000e\000\040\000s\000c\000a\000l\000e\000d\000-\000c\000o\000m\000p\000o\000n\000e\000n\000t\000\040\000r\000a\000n\000g\000e\000s\000\040\000f\000r\000o\000m\000\040\000t\000h\000e\000\040\000c\000u\000r\000r\000e\000n\000t\000\040\000r\000e\000f\000r\000e\000s\000h}{appendix.B}% 31
\BOOKMARK [2][-]{subsection.B.3}{\376\377\000C\000o\000n\000s\000t\000r\000u\000c\000t\000-\000p\000r\000i\000o\000r\000i\000t\000y\000\040\000w\000e\000i\000g\000h\000t\000s\000\040\000u\000s\000e\000d\000\040\000b\000y\000\040\000t\000h\000e\000\040\000a\000u\000g\000m\000e\000n\000t\000e\000d\000\040\000s\000c\000o\000r\000e}{appendix.B}% 32
\BOOKMARK [2][-]{subsection.B.4}{\376\377\000P\000o\000r\000t\000a\000b\000i\000l\000i\000t\000y\000\040\000b\000o\000n\000u\000s\000\040\000r\000u\000l\000e\000s}{appendix.B}% 33
\BOOKMARK [1][-]{appendix.C}{\376\377\000D\000e\000t\000a\000i\000l\000e\000d\000\040\000F\000o\000r\000m\000u\000l\000a\000\040\000D\000e\000r\000i\000v\000a\000t\000i\000o\000n\000s\000\040\000a\000n\000d\000\040\000C\000u\000r\000r\000e\000n\000t\000\040\000V\000a\000l\000u\000e\000\040\000E\000x\000p\000l\000a\000n\000a\000t\000i\000o\000n\000s}{}% 34
\BOOKMARK [2][-]{subsection.C.1}{\376\377\000B\000a\000s\000e\000\040\000s\000c\000o\000r\000i\000n\000g\000\040\000p\000i\000p\000e\000l\000i\000n\000e}{appendix.C}% 35
\BOOKMARK [2][-]{subsection.C.2}{\376\377\000S\000c\000a\000l\000e\000d\000\040\000c\000o\000m\000p\000o\000n\000e\000n\000t\000\040\000f\000o\000r\000m\000u\000l\000a\000e\000\040\000f\000o\000r\000\040\000a\000u\000g\000m\000e\000n\000t\000e\000d\000\040\000s\000c\000o\000r\000i\000n\000g}{appendix.C}% 36
\BOOKMARK [2][-]{subsection.C.3}{\376\377\000B\000i\000n\000a\000r\000y\000\040\000t\000h\000r\000e\000s\000h\000o\000l\000d\000i\000n\000g\000,\000\040\000t\000i\000m\000e\000-\000b\000u\000d\000g\000e\000t\000\040\000s\000e\000l\000e\000c\000t\000i\000o\000n\000,\000\040\000a\000n\000d\000\040\000d\000e\000p\000l\000o\000y\000a\000b\000l\000e\000\040\000m\000i\000n\000u\000t\000e\000s}{appendix.C}% 37
\BOOKMARK [2][-]{subsection.C.4}{\376\377\000A\000u\000g\000m\000e\000n\000t\000e\000d\000\040\000p\000r\000i\000o\000r\000i\000t\000y\000\040\000s\000c\000o\000r\000e\000\040\000a\000n\000d\000\040\000w\000h\000y\000\040\000v\000a\000l\000u\000e\000s\000\040\000c\000h\000a\000n\000g\000e\000\040\000a\000f\000t\000e\000r\000\040\000e\000n\000r\000i\000c\000h\000m\000e\000n\000t}{appendix.C}% 38
\BOOKMARK [1][-]{appendix.D}{\376\377\000W\000o\000r\000k\000e\000d\000\040\000E\000x\000a\000m\000p\000l\000e\000s\000\040\000F\000r\000o\000m\000\040\000t\000h\000e\000\040\000C\000u\000r\000r\000e\000n\000t\000\040\000S\000c\000o\000r\000e\000d\000\040\000D\000a\000t\000a\000s\000e\000t}{}% 39
\BOOKMARK [2][-]{subsection.D.1}{\376\377\000E\000x\000a\000m\000p\000l\000e\000\040\000A\000:\000\040\000G\000e\000n\000e\000r\000i\000c\000\040\000h\000i\000g\000h\000-\000s\000i\000g\000n\000a\000l\000\040\000e\000a\000r\000n\000i\000n\000g\000s\000\040\000i\000t\000e\000m}{appendix.D}% 40
\BOOKMARK [2][-]{subsection.D.2}{\376\377\000E\000x\000a\000m\000p\000l\000e\000\040\000B\000:\000\040\000S\000p\000e\000c\000i\000f\000i\000c\000\040\000e\000m\000p\000l\000o\000y\000m\000e\000n\000t\000-\000e\000x\000p\000o\000s\000u\000r\000e\000\040\000i\000t\000e\000m}{appendix.D}% 41
\BOOKMARK [2][-]{subsection.D.3}{\376\377\000E\000x\000a\000m\000p\000l\000e\000\040\000C\000:\000\040\000L\000o\000n\000g\000-\000f\000o\000r\000m\000\040\000c\000o\000p\000i\000n\000g\000\040\000i\000t\000e\000m\000\040\000w\000i\000t\000h\000\040\000a\000\040\000r\000e\000d\000u\000n\000d\000a\000n\000c\000y\000\040\000p\000e\000n\000a\000l\000t\000y}{appendix.D}% 42
